// Jest Snapshot v1, https://goo.gl/fbAQLP

exports[`should render Login view 1`] = `
<div>
  <form
    class="login-form"
  >
    <label
      for="email"
    >
      Email
    </label>
    <input
      id="email"
      name="email"
      required=""
      type="email"
      value=""
    />
     
    <label
      for="password"
    >
      Password
    </label>
    <input
      id="password"
      name="password"
      required=""
      type="password"
      value=""
    />
     
    <button
      aria-label="Sign In"
      type="submit"
    >
      Sign in
    </button>
  </form>
</div>
`;
